/home/bencheng/aka_targets/megatron-lm-5be9626/megatron/core/optimizer/__init__.py:25: UserWarning: Transformer Engine and Apex are not installed. Falling back to Torch optimizers.
  warnings.warn(
/home/bencheng/aka_targets/megatron-lm-5be9626/megatron/core/optimizer/optimizer.py:29: UserWarning: Transformer Engine and Apex are not installed. Falling back to local implementations of multi_tensor_applier and multi_tensor_scale
  warnings.warn(
/home/bencheng/aka_targets/megatron-lm-5be9626/megatron/core/optimizer/clip_grads.py:32: UserWarning: Transformer Engine and Apex are not installed. Falling back to local implementations of multi_tensor_applier, multi_tensor_l2norm, and multi_tensor_scale
  warnings.warn(
/home/bencheng/aka_targets/megatron-lm-5be9626/megatron/core/hyper_comm_grid.py:20: UserWarning: absl.logging is not installed. Using logging.getLogger(__name__) instead. Please install absl.logging with `pip install absl-py` to use absl.logging.
  warnings.warn(
/home/bencheng/aka_targets/megatron-lm-5be9626/megatron/core/inference/contexts/kv_block_allocator.py:454: SyntaxWarning: invalid escape sequence '\-'
  \-> F(ts 3)
Traceback (most recent call last):
  File "/home/bencheng/aka_v100_challenges/v100_rmsnorm_e2e_20260922/package/reference_runner.py", line 147, in <module>
    main()
  File "/home/bencheng/aka_v100_challenges/v100_rmsnorm_e2e_20260922/package/reference_runner.py", line 136, in main
    "l1": run_l1(args.megatron_path) if args.mode in ("l1", "all") else None}
          ^^^^^^^^^^^^^^^^^^^^^^^^^^
  File "/home/bencheng/aka_v100_challenges/v100_rmsnorm_e2e_20260922/package/reference_runner.py", line 105, in run_l1
    from megatron.core.transformer import TransformerConfig
  File "/home/bencheng/aka_targets/megatron-lm-5be9626/megatron/core/__init__.py", line 8, in <module>
    from megatron.core.distributed import DistributedDataParallel
  File "/home/bencheng/aka_targets/megatron-lm-5be9626/megatron/core/distributed/__init__.py", line 10, in <module>
    from .finalize_model_grads import finalize_model_grads
  File "/home/bencheng/aka_targets/megatron-lm-5be9626/megatron/core/distributed/finalize_model_grads.py", line 16, in <module>
    from megatron.core.pipeline_parallel.utils import (
  File "/home/bencheng/aka_targets/megatron-lm-5be9626/megatron/core/pipeline_parallel/__init__.py", line 2, in <module>
    from .schedules import get_forward_backward_func
  File "/home/bencheng/aka_targets/megatron-lm-5be9626/megatron/core/pipeline_parallel/schedules.py", line 38, in <module>
    from .combined_1f1b import (
  File "/home/bencheng/aka_targets/megatron-lm-5be9626/megatron/core/pipeline_parallel/combined_1f1b.py", line 9, in <module>
    from megatron.core.distributed.fsdp.src.megatron_fsdp.utils import find_megatron_fsdp
  File "/home/bencheng/aka_targets/megatron-lm-5be9626/megatron/core/distributed/fsdp/src/megatron_fsdp/__init__.py", line 16, in <module>
    from .fully_shard import fully_shard, fully_shard_model, fully_shard_optimizer
  File "/home/bencheng/aka_targets/megatron-lm-5be9626/megatron/core/distributed/fsdp/src/megatron_fsdp/fully_shard.py", line 23, in <module>
    from torch.distributed.tensor import DTensor
ImportError: cannot import name 'DTensor' from 'torch.distributed.tensor' (/home/bencheng/AKA/venv-aka/lib/python3.12/site-packages/torch/distributed/tensor/__init__.py)
