Traceback (most recent call last):
  File "/home/bencheng/aka_v100_challenges/v100_rmsnorm_e2e_20260922/package/candidate_runner.py", line 164, in <module>
    main()
  File "/home/bencheng/aka_v100_challenges/v100_rmsnorm_e2e_20260922/package/candidate_runner.py", line 136, in main
    candidate_module = load_candidate(args.candidate)
                       ^^^^^^^^^^^^^^^^^^^^^^^^^^^^^^
  File "/home/bencheng/aka_v100_challenges/v100_rmsnorm_e2e_20260922/package/candidate_runner.py", line 31, in load_candidate
    spec.loader.exec_module(module)
  File "<frozen importlib._bootstrap_external>", line 999, in exec_module
  File "<frozen importlib._bootstrap>", line 488, in _call_with_frames_removed
  File "/home/bencheng/aka_v100_challenges/v100_rmsnorm_e2e_20260922/package/candidate_H003_attempt1.py", line 113, in <module>
    _ext = load_inline(name=_name, cpp_sources=CPP, cuda_sources=CUDA, functions=None,
           ^^^^^^^^^^^^^^^^^^^^^^^^^^^^^^^^^^^^^^^^^^^^^^^^^^^^^^^^^^^^^^^^^^^^^^^^^^^
  File "/home/bencheng/aka_v100_challenges/v100_rmsnorm_e2e_20260922/venv-torch271/lib/python3.12/site-packages/torch/utils/cpp_extension.py", line 1994, in load_inline
    return _jit_compile(
           ^^^^^^^^^^^^^
  File "/home/bencheng/aka_v100_challenges/v100_rmsnorm_e2e_20260922/venv-torch271/lib/python3.12/site-packages/torch/utils/cpp_extension.py", line 2076, in _jit_compile
    _write_ninja_file_and_build_library(
  File "/home/bencheng/aka_v100_challenges/v100_rmsnorm_e2e_20260922/venv-torch271/lib/python3.12/site-packages/torch/utils/cpp_extension.py", line 2180, in _write_ninja_file_and_build_library
    verify_ninja_availability()
  File "/home/bencheng/aka_v100_challenges/v100_rmsnorm_e2e_20260922/venv-torch271/lib/python3.12/site-packages/torch/utils/cpp_extension.py", line 2241, in verify_ninja_availability
    raise RuntimeError("Ninja is required to load C++ extensions")
RuntimeError: Ninja is required to load C++ extensions
